{
  "source": "BourseDirect",
  "sourceFile": "/D:/dev/BientotRentier/service/target/test-classes/com/pascal/bientotrentier/service/bourseDirect/boursedirect-2021-03-08.pdf",
  "reportDate": {
    "day": 8,
    "month": 3,
    "year": 2021
  },
  "account": {
    "accountNumber": "508TI00085554410EUR",
    "accountType": "Ordinaire",
    "ownerName": "MR EMILY PASCAL",
    "ownerAdress": "MR EMILY PASCAL\n192 ROUTE DE PEGOMAS\n06130  GRASSE",
    "devise": {
      "symbol": "€",
      "code": "EUR"
    }
  },
  "BRAccountDeclaration": {
    "name": "Pascal CTO"
  },
  "operations": [
    {
      "changeRate": "1,18565072",
      "coursUSD": "374,5",
      "action": {
        "name": "MasterCard",
        "ticker": "MA",
        "isin": "US57636Q1040",
        "marketPlace": {
          "stockExchange": "New York Stock Exchange",
          "city": "New York City",
          "mic": "XNYS",
          "acronym": "NYSE",
          "country": {
            "code": "US",
            "name": "Etats-Unis"
          },
          "googleFinanceCode": "NYSE",
          "currency": {
            "symbol": "$",
            "code": "USD"
          }
        }
      },
      "number": 9,
      "cours": "315,860306651",
      "amountBrut": "2842,74",
      "fraisCourtage": "8,5",
      "tva": "0",
      "date": {
        "day": 8,
        "month": 3,
        "year": 2021
      },
      "amount": "2851,24",
      "description": "19:56:56 NEW YORK STOCK EXCHANGE, INC.",
      "compteType": "COMPTE_TITRES_ORDINAIRE",
      "courtier": "BourseDirect",
      "account": {
        "accountNumber": "508TI00085554410EUR",
        "accountType": "Ordinaire",
        "ownerName": "MR EMILY PASCAL",
        "ownerAdress": "MR EMILY PASCAL\n192 ROUTE DE PEGOMAS\n06130  GRASSE",
        "devise": {
          "symbol": "€",
          "code": "EUR"
        }
      },
      "BRAccountDeclaration": {
        "name": "Pascal CTO"
      }
    },
    {
      "devise": {
        "symbol": "€",
        "code": "EUR"
      },
      "date": {
        "day": 8,
        "month": 3,
        "year": 2021
      },
      "amount": "2400",
      "description": "VIRT M. ET/OU MME",
      "compteType": "COMPTE_TITRES_ORDINAIRE",
      "courtier": "BourseDirect",
      "account": {
        "accountNumber": "508TI00085554410EUR",
        "accountType": "Ordinaire",
        "ownerName": "MR EMILY PASCAL",
        "ownerAdress": "MR EMILY PASCAL\n192 ROUTE DE PEGOMAS\n06130  GRASSE",
        "devise": {
          "symbol": "€",
          "code": "EUR"
        }
      },
      "BRAccountDeclaration": {
        "name": "Pascal CTO"
      }
    }
  ]
}