{
  "source": "BourseDirect",
  "sourceFile": "/D:/dev/BientotRentier/target/test-classes/com/pascal/bientotrentier/parsers/bourseDirect/boursedirect-2021-05-18.pdf",
  "reportDate": {
    "day": 18,
    "month": 5,
    "year": 2021
  },
  "account": {
    "accountNumber": "508TI00085554410EUR",
    "accountType": "Ordinaire",
    "ownerName": "MR EMILY PASCAL",
    "ownerAdress": "MR EMILY PASCAL\n192 ROUTE DE PEGOMAS\n06130  GRASSE",
    "devise": {
      "symbol": "€",
      "code": "EUR"
    }
  },
  "operations": [
    {
      "action": {
        "name": "AbbVie Inc.",
        "ticker": "ABBV",
        "isin": "US00287Y1091",
        "marketPlace": {
          "stockExchange": "New York Stock Exchange",
          "city": "New York City",
          "mic": "XNYS",
          "acronym": "NYSE",
          "country": {
            "code": "US",
            "name": "Etats-Unis"
          },
          "googleFinanceCode": "NYSE",
          "currency": {
            "symbol": "$",
            "code": "USD"
          }
        }
      },
      "number": -34,
      "prixUnitaireBrut": "1,07353",
      "commission": "0",
      "prelevement": "4,67",
      "amountBrut": "36,5",
      "creditImpot": "5,48",
      "contributionSocial": "6,26",
      "date": {
        "day": 18,
        "month": 5,
        "year": 2021
      },
      "amount": "20,08",
      "compteType": "COMPTE_TITRES_ORDINAIRE",
      "courtier": "BourseDirect",
      "account": {
        "accountNumber": "508TI00085554410EUR",
        "accountType": "Ordinaire",
        "ownerName": "MR EMILY PASCAL",
        "ownerAdress": "MR EMILY PASCAL\n192 ROUTE DE PEGOMAS\n06130  GRASSE",
        "devise": {
          "symbol": "€",
          "code": "EUR"
        }
      }
    }
  ]
}