{
  "source": "BourseDirect",
  "sourceFile": "/D:/dev/BientotRentier/target/test-classes/com/pascal/bientotrentier/parsers/bourseDirect/boursedirect-2021-07-15.pdf",
  "reportDate": {
    "day": 15,
    "month": 7,
    "year": 2021
  },
  "account": {
    "accountNumber": "508TI00085554410EUR",
    "accountType": "Ordinaire",
    "ownerName": "MR EMILY PASCAL",
    "ownerAdress": "MR EMILY PASCAL\n192 ROUTE DE PEGOMAS\n06130  GRASSE",
    "devise": {
      "symbol": "€",
      "code": "EUR"
    }
  },
  "operations": [
    {
      "action": {
        "name": "American Tower Corporation",
        "ticker": "AMT",
        "isin": "US03027X1000",
        "marketPlace": {
          "stockExchange": "New York Stock Exchange",
          "city": "New York City",
          "mic": "XNYS",
          "acronym": "NYSE",
          "country": {
            "code": "US",
            "name": "Etats-Unis"
          },
          "googleFinanceCode": "NYSE",
          "currency": {
            "symbol": "$",
            "code": "USD"
          }
        }
      },
      "number": -19,
      "prixUnitaireBrut": "1,0722",
      "commission": "0",
      "prelevement": "2,6",
      "amountBrut": "20,37",
      "creditImpot": "3,06",
      "contributionSocial": "3,49",
      "date": {
        "day": 15,
        "month": 7,
        "year": 2021
      },
      "amount": "11,22",
      "compteType": "COMPTE_TITRES_ORDINAIRE",
      "courtier": "BourseDirect",
      "account": {
        "accountNumber": "508TI00085554410EUR",
        "accountType": "Ordinaire",
        "ownerName": "MR EMILY PASCAL",
        "ownerAdress": "MR EMILY PASCAL\n192 ROUTE DE PEGOMAS\n06130  GRASSE",
        "devise": {
          "symbol": "€",
          "code": "EUR"
        }
      }
    }
  ]
}