{
  "source": "BOURSE_DIRECT",
  "sourceFile": "/D:/dev/BientotRentier/target/test-classes/com/pascal/bientotrentier/parsers/bourseDirect/boursedirect-2021-03-08.pdf",
  "reportDate": "08/03/2021",
  "account": {
    "accountNumber": "508TI00085554410EUR",
    "accountType": "Ordinaire",
    "ownerName": "MR EMILY PASCAL",
    "ownerAdress": "MR EMILY PASCAL\n192 ROUTE DE PEGOMAS\n06130  GRASSE",
    "devise": "â‚¬"
  },
  "operations": [
    {
      "changeRate": "+1,185650720",
      "coursUSD": "+374,5",
      "id": "US57636Q1040",
      "actionName": "MASTERCARD CL.A",
      "number": 9,
      "cours": "+315,860306651",
      "amountBrut": "+2 842,74",
      "fraisCourtage": "+8,50",
      "tva": "+0,00",
      "operationType": "BRAchatEtranger",
      "date": "08/03/2021",
      "amount": "2 851,24",
      "description": "19:56:56 NEW YORK STOCK EXCHANGE, INC."
    },
    {
      "operationType": "BRVirementCptEspece",
      "date": "08/03/2021",
      "amount": "2 400,00",
      "description": "VIRT M. ET/OU MME"
    }
  ]
}