===== /D:/dev/BientotRentier/target/test-classes/com/pascal/bientotrentier/parsers/bourseDirect/boursedirect-2021-05-11.pdf
    info: Reading pdf...
    info: pdf read => ok
    info: BourseDirect model transformation
    info: BourseDirect model transformation => ok
    ===== Checking BourseDirect model...
        info: => No error detected
    =====
    info: Creating Standard Model...
    info: More than 1 data found for US57636Q1040 First one is selected
    info: Standard Model => ok
=====
