{
  "source": "BourseDirect",
  "sourceFile": "/D:/dev/BientotRentier/target/test-classes/com/pascal/bientotrentier/parsers/bourseDirect/boursedirect-2021-02-24.pdf",
  "reportDate": {
    "day": 24,
    "month": 2,
    "year": 2021
  },
  "account": {
    "accountNumber": "508TI00085554410EUR",
    "accountType": "Ordinaire",
    "ownerName": "MR EMILY PASCAL",
    "ownerAdress": "MR EMILY PASCAL\n192 ROUTE DE PEGOMAS\n06130  GRASSE",
    "devise": {
      "symbol": "€",
      "code": "EUR"
    }
  },
  "operations": [
    {
      "devise": {
        "symbol": "€",
        "code": "EUR"
      },
      "date": {
        "day": 24,
        "month": 2,
        "year": 2021
      },
      "amount": "2400",
      "description": "VIRT M. ET/OU MME",
      "compteType": "COMPTE_TITRES_ORDINAIRE",
      "courtier": "BourseDirect",
      "account": {
        "accountNumber": "508TI00085554410EUR",
        "accountType": "Ordinaire",
        "ownerName": "MR EMILY PASCAL",
        "ownerAdress": "MR EMILY PASCAL\n192 ROUTE DE PEGOMAS\n06130  GRASSE",
        "devise": {
          "symbol": "€",
          "code": "EUR"
        }
      }
    }
  ]
}