{
  "source": "BourseDirect",
  "sourceFile": "/D:/dev/BientotRentier/target/test-classes/com/pascal/bientotrentier/parsers/bourseDirect/boursedirect-2021-03-19.pdf",
  "reportDate": {
    "day": 19,
    "month": 3,
    "year": 2021
  },
  "account": {
    "accountNumber": "508TI00085554410EUR",
    "accountType": "Ordinaire",
    "ownerName": "MR EMILY PASCAL",
    "ownerAdress": "MR EMILY PASCAL\n192 ROUTE DE PEGOMAS\n06130  GRASSE",
    "devise": {
      "symbol": "€",
      "code": "EUR"
    }
  },
  "accountDeclaration": {
    "name": "Pascal CTO"
  },
  "operations": [
    {
      "action": {
        "name": "Rubis",
        "ticker": "RUI",
        "isin": "FR0013269123",
        "marketPlace": {
          "stockExchange": "Euronext",
          "city": "Paris",
          "mic": "XPAR",
          "country": {
            "code": "FR",
            "name": "France"
          },
          "googleFinanceCode": "EPA",
          "currency": {
            "symbol": "€",
            "code": "EUR"
          }
        }
      },
      "number": 120,
      "cours": "39,9",
      "amountBrut": "4788",
      "fraisCourtage": "4,31",
      "tva": "0",
      "date": {
        "day": 19,
        "month": 3,
        "year": 2021
      },
      "amount": "4792,31",
      "description": "09:01:06 BORSE BERLIN EQUIDUCT TRADING - BERL",
      "compteType": "COMPTE_TITRES_ORDINAIRE",
      "courtier": "BourseDirect",
      "account": {
        "accountNumber": "508TI00085554410EUR",
        "accountType": "Ordinaire",
        "ownerName": "MR EMILY PASCAL",
        "ownerAdress": "MR EMILY PASCAL\n192 ROUTE DE PEGOMAS\n06130  GRASSE",
        "devise": {
          "symbol": "€",
          "code": "EUR"
        }
      },
      "accountDeclaration": {
        "name": "Pascal CTO"
      }
    },
    {
      "changeRate": "1,19024704",
      "coursUSD": "222,85",
      "action": {
        "name": "American Tower Corporation",
        "ticker": "AMT",
        "isin": "US03027X1000",
        "marketPlace": {
          "stockExchange": "New York Stock Exchange",
          "city": "New York City",
          "mic": "XNYS",
          "acronym": "NYSE",
          "country": {
            "code": "US",
            "name": "Etats-Unis"
          },
          "googleFinanceCode": "NYSE",
          "currency": {
            "symbol": "$",
            "code": "USD"
          }
        }
      },
      "number": 19,
      "cours": "187,230039236",
      "amountBrut": "3557,37",
      "fraisCourtage": "8,5",
      "tva": "0",
      "date": {
        "day": 19,
        "month": 3,
        "year": 2021
      },
      "amount": "3565,87",
      "description": "14:30:03 NEW YORK STOCK EXCHANGE, INC.",
      "compteType": "COMPTE_TITRES_ORDINAIRE",
      "courtier": "BourseDirect",
      "account": {
        "accountNumber": "508TI00085554410EUR",
        "accountType": "Ordinaire",
        "ownerName": "MR EMILY PASCAL",
        "ownerAdress": "MR EMILY PASCAL\n192 ROUTE DE PEGOMAS\n06130  GRASSE",
        "devise": {
          "symbol": "€",
          "code": "EUR"
        }
      },
      "accountDeclaration": {
        "name": "Pascal CTO"
      }
    },
    {
      "changeRate": "1,19024704",
      "coursUSD": "69,3",
      "action": {
        "name": "WP CAREY INC",
        "ticker": "WPC",
        "isin": "US92936U1097",
        "marketPlace": {
          "stockExchange": "New York Stock Exchange",
          "city": "New York City",
          "mic": "XNYS",
          "acronym": "NYSE",
          "country": {
            "code": "US",
            "name": "Etats-Unis"
          },
          "googleFinanceCode": "NYSE",
          "currency": {
            "symbol": "$",
            "code": "USD"
          }
        }
      },
      "number": 60,
      "cours": "58,223207176",
      "amountBrut": "3493,39",
      "fraisCourtage": "8,5",
      "tva": "0",
      "date": {
        "day": 19,
        "month": 3,
        "year": 2021
      },
      "amount": "3501,89",
      "description": "14:30:02 NEW YORK STOCK EXCHANGE, INC.",
      "compteType": "COMPTE_TITRES_ORDINAIRE",
      "courtier": "BourseDirect",
      "account": {
        "accountNumber": "508TI00085554410EUR",
        "accountType": "Ordinaire",
        "ownerName": "MR EMILY PASCAL",
        "ownerAdress": "MR EMILY PASCAL\n192 ROUTE DE PEGOMAS\n06130  GRASSE",
        "devise": {
          "symbol": "€",
          "code": "EUR"
        }
      },
      "accountDeclaration": {
        "name": "Pascal CTO"
      }
    },
    {
      "action": {
        "name": "Rubis",
        "ticker": "RUI",
        "isin": "FR0013269123",
        "marketPlace": {
          "stockExchange": "Euronext",
          "city": "Paris",
          "mic": "XPAR",
          "country": {
            "code": "FR",
            "name": "France"
          },
          "googleFinanceCode": "EPA",
          "currency": {
            "symbol": "€",
            "code": "EUR"
          }
        }
      },
      "date": {
        "day": 19,
        "month": 3,
        "year": 2021
      },
      "amount": "14,36",
      "description": "TTF",
      "compteType": "COMPTE_TITRES_ORDINAIRE",
      "courtier": "BourseDirect",
      "account": {
        "accountNumber": "508TI00085554410EUR",
        "accountType": "Ordinaire",
        "ownerName": "MR EMILY PASCAL",
        "ownerAdress": "MR EMILY PASCAL\n192 ROUTE DE PEGOMAS\n06130  GRASSE",
        "devise": {
          "symbol": "€",
          "code": "EUR"
        }
      },
      "accountDeclaration": {
        "name": "Pascal CTO"
      }
    }
  ]
}