{
  "source": "BourseDirect",
  "sourceFile": "/D:/dev/BientotRentier/target/test-classes/com/pascal/bientotrentier/parsers/bourseDirect/boursedirect-2021-03-02.pdf",
  "reportDate": {
    "day": 2,
    "month": 3,
    "year": 2021
  },
  "account": {
    "accountNumber": "508TI00085554410EUR",
    "accountType": "Ordinaire",
    "ownerName": "MR EMILY PASCAL",
    "ownerAdress": "MR EMILY PASCAL\n192 ROUTE DE PEGOMAS\n06130  GRASSE",
    "devise": {
      "symbol": "€",
      "code": "EUR"
    }
  },
  "operations": [
    {
      "changeRate": "1,20183776",
      "coursUSD": "108,8699",
      "action": {
        "name": "AbbVie Inc.",
        "ticker": "ABBV",
        "isin": "US00287Y1091",
        "marketPlace": {
          "stockExchange": "New York Stock Exchange",
          "city": "New York City",
          "mic": "XNYS",
          "acronym": "NYSE",
          "country": {
            "code": "US",
            "name": "Etats-Unis"
          },
          "googleFinanceCode": "NYSE",
          "currency": {
            "symbol": "$",
            "code": "USD"
          }
        }
      },
      "number": 34,
      "cours": "90,586186941",
      "amountBrut": "3079,93",
      "fraisCourtage": "8,5",
      "tva": "0",
      "date": {
        "day": 2,
        "month": 3,
        "year": 2021
      },
      "amount": "3088,43",
      "description": "19:54:20 NEW YORK STOCK EXCHANGE, INC.",
      "compteType": "COMPTE_TITRES_ORDINAIRE",
      "courtier": "BourseDirect",
      "account": {
        "accountNumber": "508TI00085554410EUR",
        "accountType": "Ordinaire",
        "ownerName": "MR EMILY PASCAL",
        "ownerAdress": "MR EMILY PASCAL\n192 ROUTE DE PEGOMAS\n06130  GRASSE",
        "devise": {
          "symbol": "€",
          "code": "EUR"
        }
      }
    },
    {
      "devise": {
        "symbol": "€",
        "code": "EUR"
      },
      "date": {
        "day": 2,
        "month": 3,
        "year": 2021
      },
      "amount": "2400",
      "description": "VIRT M. ET/OU MME",
      "compteType": "COMPTE_TITRES_ORDINAIRE",
      "courtier": "BourseDirect",
      "account": {
        "accountNumber": "508TI00085554410EUR",
        "accountType": "Ordinaire",
        "ownerName": "MR EMILY PASCAL",
        "ownerAdress": "MR EMILY PASCAL\n192 ROUTE DE PEGOMAS\n06130  GRASSE",
        "devise": {
          "symbol": "€",
          "code": "EUR"
        }
      }
    }
  ]
}