{
  "source": "BOURSE_DIRECT",
  "sourceFile": "/D:/dev/BientotRentier/target/test-classes/com/pascal/bientotrentier/parsers/bourseDirect/boursedirect-2021-04-07.pdf",
  "reportDate": "07/04/2021",
  "account": {
    "accountNumber": "508TI00085554410EUR",
    "accountType": "Ordinaire",
    "ownerName": "MR EMILY PASCAL",
    "ownerAdress": "MR EMILY PASCAL\n192 ROUTE DE PEGOMAS\n06130  GRASSE",
    "devise": "â‚¬"
  },
  "operations": [
    {
      "id": "US11135F1012",
      "actionName": "BROADCOM INC",
      "number": -7,
      "prixUnitaireBrut": "+3,07383",
      "commission": "+0,00",
      "prelevement": "+2,75",
      "amountBrut": "+21,52",
      "creditImpot": "+3,23",
      "contributionSocial": "+3,68",
      "operationType": "BRCoupons",
      "date": "07/04/2021",
      "amount": "11,85"
    },
    {
      "operationType": "BRDroitDeGarde",
      "date": "07/04/2021",
      "amount": "0,22",
      "description": "DDGETG1T21"
    }
  ]
}