{
  "source": "BourseDirect",
  "sourceFile": "/D:/dev/BientotRentier/target/test-classes/com/pascal/bientotrentier/parsers/bourseDirect/boursedirect-2021-03-16.pdf",
  "reportDate": {
    "day": 16,
    "month": 3,
    "year": 2021
  },
  "account": {
    "accountNumber": "508TI00085554410EUR",
    "accountType": "Ordinaire",
    "ownerName": "MR EMILY PASCAL",
    "ownerAdress": "MR EMILY PASCAL\n192 ROUTE DE PEGOMAS\n06130  GRASSE",
    "devise": {
      "symbol": "€",
      "code": "EUR"
    }
  },
  "accountDeclaration": {
    "name": "Pascal CTO"
  },
  "operations": [
    {
      "changeRate": "1,19355408",
      "coursUSD": "79,2",
      "action": {
        "name": "BOOZ ALLEN HAMILTON HLDG CORP",
        "ticker": "BAH",
        "isin": "US0995021062",
        "marketPlace": {
          "stockExchange": "New York Stock Exchange",
          "city": "New York City",
          "mic": "XNYS",
          "acronym": "NYSE",
          "country": {
            "code": "US",
            "name": "Etats-Unis"
          },
          "googleFinanceCode": "NYSE",
          "currency": {
            "symbol": "$",
            "code": "USD"
          }
        }
      },
      "number": -45,
      "cours": "66,356440254",
      "amountBrut": "2986,04",
      "fraisCourtage": "8,5",
      "tva": "0",
      "date": {
        "day": 16,
        "month": 3,
        "year": 2021
      },
      "amount": "2977,53",
      "description": "19:50:11 NEW YORK STOCK EXCHANGE, INC.",
      "compteType": "COMPTE_TITRES_ORDINAIRE",
      "courtier": "BourseDirect",
      "account": {
        "accountNumber": "508TI00085554410EUR",
        "accountType": "Ordinaire",
        "ownerName": "MR EMILY PASCAL",
        "ownerAdress": "MR EMILY PASCAL\n192 ROUTE DE PEGOMAS\n06130  GRASSE",
        "devise": {
          "symbol": "€",
          "code": "EUR"
        }
      },
      "accountDeclaration": {
        "name": "Pascal CTO"
      }
    },
    {
      "changeRate": "1,19355408",
      "coursUSD": "190,2101",
      "action": {
        "name": "L3 HARRIS TECHNOLOGIES INC",
        "ticker": "LHX",
        "isin": "US5024311095",
        "marketPlace": {
          "stockExchange": "New York Stock Exchange",
          "city": "New York City",
          "mic": "XNYS",
          "acronym": "NYSE",
          "country": {
            "code": "US",
            "name": "Etats-Unis"
          },
          "googleFinanceCode": "NYSE",
          "currency": {
            "symbol": "$",
            "code": "USD"
          }
        }
      },
      "number": -20,
      "cours": "159,364458794",
      "amountBrut": "3187,29",
      "fraisCourtage": "8,5",
      "tva": "0",
      "date": {
        "day": 16,
        "month": 3,
        "year": 2021
      },
      "amount": "3178,78",
      "description": "19:45:03 NEW YORK STOCK EXCHANGE, INC.",
      "compteType": "COMPTE_TITRES_ORDINAIRE",
      "courtier": "BourseDirect",
      "account": {
        "accountNumber": "508TI00085554410EUR",
        "accountType": "Ordinaire",
        "ownerName": "MR EMILY PASCAL",
        "ownerAdress": "MR EMILY PASCAL\n192 ROUTE DE PEGOMAS\n06130  GRASSE",
        "devise": {
          "symbol": "€",
          "code": "EUR"
        }
      },
      "accountDeclaration": {
        "name": "Pascal CTO"
      }
    }
  ]
}