{
  "broker": "BourseDirect",
  "brokerFileVersion": 1,
  "sourceFile": "t/boursedirect-2021-07-12.pdf",
  "reportDate": {
    "day": 12,
    "month": 7,
    "year": 2021
  },
  "account": {
    "accountNumber": "508TI00085554410EUR",
    "accountType": "Ordinaire",
    "ownerName": "MR EMILY PASCAL",
    "ownerAdress": "MR EMILY PASCAL\n192 ROUTE DE PEGOMAS\n06130  GRASSE",
    "devise": {
      "symbol": "€",
      "code": "EUR"
    }
  },
  "ezAccountDeclaration": {
    "name": "Pascal CTO",
    "active": false,
    "field2ErrorMsg": {}
  },
  "operations": [
    {
      "errors": [],
      "date": {
        "day": 12,
        "month": 7,
        "year": 2021
      },
      "designation": [
        "COUPONS",
        "US11135F1012",
        "BROADCOM INC"
      ],
      "fields": {
        "ezOperation_QUANTITE": "-7",
        "ezOperation_CONTRI_SOC": "3,64",
        "ezOperation_CREDIT": "11,69",
        "ezOperation_COMMISSION": "0",
        "ezOperation_PX_UN_BRUT": "3,03268",
        "ezOperation_CRED__IMPOT": "3,19",
        "ezOperation_PRELEVEM": "2,71",
        "ezOperation_BRUT": "21,23"
      },
      "broker": "BourseDirect",
      "account": {
        "accountNumber": "508TI00085554410EUR",
        "accountType": "Ordinaire",
        "ownerName": "MR EMILY PASCAL",
        "ownerAdress": "MR EMILY PASCAL\n192 ROUTE DE PEGOMAS\n06130  GRASSE",
        "devise": {
          "symbol": "€",
          "code": "EUR"
        }
      },
      "ezAccountDeclaration": {
        "name": "Pascal CTO",
        "active": false,
        "field2ErrorMsg": {}
      }
    }
  ],
  "errors": []
}