{
  "broker": "BourseDirect",
  "brokerFileVersion": 1,
  "sourceFile": "t/boursedirect-2021-03-08.pdf",
  "reportDate": {
    "day": 8,
    "month": 3,
    "year": 2021
  },
  "account": {
    "accountNumber": "508TI00085554410EUR",
    "accountType": "Ordinaire",
    "ownerName": "MR EMILY PASCAL",
    "ownerAdress": "MR EMILY PASCAL\n192 ROUTE DE PEGOMAS\n06130  GRASSE",
    "devise": {
      "symbol": "€",
      "code": "EUR"
    }
  },
  "ezAccountDeclaration": {
    "name": "Pascal CTO",
    "active": false,
    "field2ErrorMsg": {}
  },
  "operations": [
    {
      "errors": [],
      "date": {
        "day": 8,
        "month": 3,
        "year": 2021
      },
      "designation": [
        "ACHAT ETRANGER",
        "US57636Q1040",
        "MASTERCARD CL.A"
      ],
      "fields": {
        "ezOperation_QUANTITE": "9",
        "ezOperation_TVA": "0",
        "ezOperation_COURS_EN_USD": "374,5",
        "ezOperation_DEBIT": "2851,24",
        "ezOperation_Lieu": "NEW YORK STOCK EXCHANGE, INC.",
        "ezOperation_COURS": "315,860306651",
        "ezOperation_COURTAGE": "8,5",
        "ezOperation_TX_USD_EUR": "1,18565072",
        "ezOperation_BRUT": "2842,74",
        "ezOperation_Heure_Execution": "19:56:56"
      },
      "broker": "BourseDirect",
      "account": {
        "accountNumber": "508TI00085554410EUR",
        "accountType": "Ordinaire",
        "ownerName": "MR EMILY PASCAL",
        "ownerAdress": "MR EMILY PASCAL\n192 ROUTE DE PEGOMAS\n06130  GRASSE",
        "devise": {
          "symbol": "€",
          "code": "EUR"
        }
      },
      "ezAccountDeclaration": {
        "name": "Pascal CTO",
        "active": false,
        "field2ErrorMsg": {}
      }
    },
    {
      "errors": [],
      "date": {
        "day": 8,
        "month": 3,
        "year": 2021
      },
      "designation": [
        "VIREMENT ESPECES",
        "VIRT M. ET/OU MME"
      ],
      "fields": {
        "ezOperation_CREDIT": "2400"
      },
      "broker": "BourseDirect",
      "account": {
        "accountNumber": "508TI00085554410EUR",
        "accountType": "Ordinaire",
        "ownerName": "MR EMILY PASCAL",
        "ownerAdress": "MR EMILY PASCAL\n192 ROUTE DE PEGOMAS\n06130  GRASSE",
        "devise": {
          "symbol": "€",
          "code": "EUR"
        }
      },
      "ezAccountDeclaration": {
        "name": "Pascal CTO",
        "active": false,
        "field2ErrorMsg": {}
      }
    }
  ],
  "errors": []
}