{
  "source": "BourseDirect",
  "sourceFile": "/D:/dev/src/EZLoad/service/target/test-classes/com/pascal/ezload/service/bourseDirect/boursedirect-2021-04-07.pdf",
  "reportDate": {
    "day": 7,
    "month": 4,
    "year": 2021
  },
  "account": {
    "accountNumber": "508TI00085554410EUR",
    "accountType": "Ordinaire",
    "ownerName": "MR EMILY PASCAL",
    "ownerAdress": "MR EMILY PASCAL\n192 ROUTE DE PEGOMAS\n06130  GRASSE",
    "devise": {
      "symbol": "�",
      "code": "EUR"
    }
  },
  "EZAccountDeclaration": {
    "name": "Pascal CTO"
  },
  "operations": [
    {
      "action": {
        "name": "Broadcom Inc.",
        "ticker": "AVGO",
        "isin": "US11135F1012",
        "marketPlace": {
          "stockExchange": "Nasdaq/Ngs",
          "city": "New York City",
          "mic": "XNGS",
          "acronym": "NGS",
          "country": {
            "code": "US",
            "name": "Etats-Unis"
          },
          "googleFinanceCode": "NASDAQ",
          "currency": {
            "symbol": "$",
            "code": "USD"
          }
        }
      },
      "number": -7,
      "prixUnitaireBrut": "3,07383",
      "commission": "0",
      "prelevement": "2,75",
      "amountBrut": "21,52",
      "creditImpot": "3,23",
      "contributionSocial": "3,68",
      "date": {
        "day": 7,
        "month": 4,
        "year": 2021
      },
      "amount": "11,85",
      "compteType": "COMPTE_TITRES_ORDINAIRE",
      "courtier": "BourseDirect",
      "account": {
        "accountNumber": "508TI00085554410EUR",
        "accountType": "Ordinaire",
        "ownerName": "MR EMILY PASCAL",
        "ownerAdress": "MR EMILY PASCAL\n192 ROUTE DE PEGOMAS\n06130  GRASSE",
        "devise": {
          "symbol": "�",
          "code": "EUR"
        }
      },
      "EZAccountDeclaration": {
        "name": "Pascal CTO"
      }
    },
    {
      "date": {
        "day": 7,
        "month": 4,
        "year": 2021
      },
      "amount": "0,22",
      "description": "DDGETG1T21",
      "compteType": "COMPTE_TITRES_ORDINAIRE",
      "courtier": "BourseDirect",
      "account": {
        "accountNumber": "508TI00085554410EUR",
        "accountType": "Ordinaire",
        "ownerName": "MR EMILY PASCAL",
        "ownerAdress": "MR EMILY PASCAL\n192 ROUTE DE PEGOMAS\n06130  GRASSE",
        "devise": {
          "symbol": "�",
          "code": "EUR"
        }
      },
      "EZAccountDeclaration": {
        "name": "Pascal CTO"
      }
    }
  ]
}