{
  "source": "BourseDirect",
  "sourceFile": "/D:/dev/src/EZLoad/service/target/test-classes/com/pascal/ezload/service/bourseDirect/boursedirect-2021-03-01.pdf",
  "reportDate": {
    "day": 1,
    "month": 3,
    "year": 2021
  },
  "account": {
    "accountNumber": "508TI00085554410EUR",
    "accountType": "Ordinaire",
    "ownerName": "MR EMILY PASCAL",
    "ownerAdress": "MR EMILY PASCAL\n192 ROUTE DE PEGOMAS\n06130  GRASSE",
    "devise": {
      "symbol": "�",
      "code": "EUR"
    }
  },
  "EZAccountDeclaration": {
    "name": "Pascal CTO"
  },
  "operations": [
    {
      "changeRate": "1,20433576",
      "coursUSD": "79,75",
      "action": {
        "name": "BOOZ ALLEN HAMILTON HLDG CORP",
        "ticker": "BAH",
        "isin": "US0995021062",
        "marketPlace": {
          "stockExchange": "New York Stock Exchange",
          "city": "New York City",
          "mic": "XNYS",
          "acronym": "NYSE",
          "country": {
            "code": "US",
            "name": "Etats-Unis"
          },
          "googleFinanceCode": "NYSE",
          "currency": {
            "symbol": "$",
            "code": "USD"
          }
        }
      },
      "number": 45,
      "cours": "66,219074986",
      "amountBrut": "2979,86",
      "fraisCourtage": "8,5",
      "tva": "0",
      "date": {
        "day": 1,
        "month": 3,
        "year": 2021
      },
      "amount": "2988,36",
      "description": "21:18:23 NEW YORK STOCK EXCHANGE, INC.",
      "compteType": "COMPTE_TITRES_ORDINAIRE",
      "courtier": "BourseDirect",
      "account": {
        "accountNumber": "508TI00085554410EUR",
        "accountType": "Ordinaire",
        "ownerName": "MR EMILY PASCAL",
        "ownerAdress": "MR EMILY PASCAL\n192 ROUTE DE PEGOMAS\n06130  GRASSE",
        "devise": {
          "symbol": "�",
          "code": "EUR"
        }
      },
      "EZAccountDeclaration": {
        "name": "Pascal CTO"
      }
    },
    {
      "changeRate": "1,20433576",
      "coursUSD": "185,6799",
      "action": {
        "name": "L3 HARRIS TECHNOLOGIES INC",
        "ticker": "LHX",
        "isin": "US5024311095",
        "marketPlace": {
          "stockExchange": "New York Stock Exchange",
          "city": "New York City",
          "mic": "XNYS",
          "acronym": "NYSE",
          "country": {
            "code": "US",
            "name": "Etats-Unis"
          },
          "googleFinanceCode": "NYSE",
          "currency": {
            "symbol": "$",
            "code": "USD"
          }
        }
      },
      "number": 20,
      "cours": "154,176190866",
      "amountBrut": "3083,52",
      "fraisCourtage": "8,5",
      "tva": "0",
      "date": {
        "day": 1,
        "month": 3,
        "year": 2021
      },
      "amount": "3092,02",
      "description": "21:14:44 NEW YORK STOCK EXCHANGE, INC.",
      "compteType": "COMPTE_TITRES_ORDINAIRE",
      "courtier": "BourseDirect",
      "account": {
        "accountNumber": "508TI00085554410EUR",
        "accountType": "Ordinaire",
        "ownerName": "MR EMILY PASCAL",
        "ownerAdress": "MR EMILY PASCAL\n192 ROUTE DE PEGOMAS\n06130  GRASSE",
        "devise": {
          "symbol": "�",
          "code": "EUR"
        }
      },
      "EZAccountDeclaration": {
        "name": "Pascal CTO"
      }
    },
    {
      "devise": {
        "symbol": "�",
        "code": "EUR"
      },
      "date": {
        "day": 1,
        "month": 3,
        "year": 2021
      },
      "amount": "2400",
      "description": "VIRT M. ET/OU MME",
      "compteType": "COMPTE_TITRES_ORDINAIRE",
      "courtier": "BourseDirect",
      "account": {
        "accountNumber": "508TI00085554410EUR",
        "accountType": "Ordinaire",
        "ownerName": "MR EMILY PASCAL",
        "ownerAdress": "MR EMILY PASCAL\n192 ROUTE DE PEGOMAS\n06130  GRASSE",
        "devise": {
          "symbol": "�",
          "code": "EUR"
        }
      },
      "EZAccountDeclaration": {
        "name": "Pascal CTO"
      }
    }
  ]
}