{
  "broker": "BourseDirect",
  "brokerFileVersion": 1,
  "sourceFile": "t/boursedirect-2021-05-18.pdf",
  "reportDate": {
    "day": 18,
    "month": 5,
    "year": 2021
  },
  "account": {
    "accountNumber": "508TI00085554410EUR",
    "accountType": "Ordinaire",
    "ownerName": "MR EMILY PASCAL",
    "ownerAdress": "MR EMILY PASCAL\n192 ROUTE DE PEGOMAS\n06130  GRASSE",
    "devise": {
      "symbol": "€",
      "code": "EUR"
    }
  },
  "ezAccountDeclaration": {
    "name": "Pascal CTO",
    "active": false,
    "field2ErrorMsg": {}
  },
  "operations": [
    {
      "errors": [],
      "date": {
        "day": 18,
        "month": 5,
        "year": 2021
      },
      "designation": [
        "COUPONS",
        "US00287Y1091",
        "ABBVIE"
      ],
      "fields": {
        "ezOperation_QUANTITE": "-34",
        "ezOperation_CONTRI_SOC": "6,26",
        "ezOperation_CREDIT": "20,08",
        "ezOperation_COMMISSION": "0",
        "ezOperation_CRED_IMPOT": "5,48",
        "ezOperation_PX_UN_BRUT": "1,07353",
        "ezOperation_PRELEVEM": "4,67",
        "ezOperation_BRUT": "36,5"
      },
      "broker": "BourseDirect",
      "account": {
        "accountNumber": "508TI00085554410EUR",
        "accountType": "Ordinaire",
        "ownerName": "MR EMILY PASCAL",
        "ownerAdress": "MR EMILY PASCAL\n192 ROUTE DE PEGOMAS\n06130  GRASSE",
        "devise": {
          "symbol": "€",
          "code": "EUR"
        }
      },
      "ezAccountDeclaration": {
        "name": "Pascal CTO",
        "active": false,
        "field2ErrorMsg": {}
      }
    }
  ],
  "errors": []
}