{
  "broker": "BourseDirect",
  "brokerFileVersion": 1,
  "sourceFile": "t/boursedirect-2021-03-03.pdf",
  "reportDate": {
    "day": 3,
    "month": 3,
    "year": 2021
  },
  "account": {
    "accountNumber": "508TI00085554410EUR",
    "accountType": "Ordinaire",
    "ownerName": "MR EMILY PASCAL",
    "ownerAdress": "MR EMILY PASCAL\n192 ROUTE DE PEGOMAS\n06130  GRASSE",
    "devise": {
      "symbol": "€",
      "code": "EUR"
    }
  },
  "ezAccountDeclaration": {
    "name": "Pascal CTO",
    "active": false,
    "field2ErrorMsg": {}
  },
  "operations": [
    {
      "errors": [],
      "date": {
        "day": 3,
        "month": 3,
        "year": 2021
      },
      "designation": [
        "VIREMENT ESPECES",
        "VIRT M. ET/OU MME"
      ],
      "fields": {
        "ezOperation_CREDIT": "2400"
      },
      "broker": "BourseDirect",
      "account": {
        "accountNumber": "508TI00085554410EUR",
        "accountType": "Ordinaire",
        "ownerName": "MR EMILY PASCAL",
        "ownerAdress": "MR EMILY PASCAL\n192 ROUTE DE PEGOMAS\n06130  GRASSE",
        "devise": {
          "symbol": "€",
          "code": "EUR"
        }
      },
      "ezAccountDeclaration": {
        "name": "Pascal CTO",
        "active": false,
        "field2ErrorMsg": {}
      }
    }
  ],
  "errors": []
}