{
  "broker": "BourseDirect",
  "brokerFileVersion": 1,
  "sourceFile": "t/boursedirect-2021-03-09.pdf",
  "reportDate": {
    "day": 9,
    "month": 3,
    "year": 2021
  },
  "account": {
    "accountNumber": "508TI00085554410EUR",
    "accountType": "Ordinaire",
    "ownerName": "MR EMILY PASCAL",
    "ownerAdress": "MR EMILY PASCAL\n192 ROUTE DE PEGOMAS\n06130  GRASSE",
    "devise": {
      "symbol": "€",
      "code": "EUR"
    }
  },
  "ezAccountDeclaration": {
    "name": "Pascal CTO",
    "active": false,
    "field2ErrorMsg": {}
  },
  "operations": [
    {
      "errors": [],
      "date": {
        "day": 9,
        "month": 3,
        "year": 2021
      },
      "designation": [
        "ACHAT ETRANGER",
        "US11135F1012",
        "BROADCOM INC"
      ],
      "fields": {
        "ezOperation_QUANTITE": "7",
        "ezOperation_TVA": "0",
        "ezOperation_COURS_EN_USD": "439,9799",
        "ezOperation_DEBIT": "2606,11",
        "ezOperation_Lieu": "NASDAQ/NGS (GLOBAL SELECT MARKET)",
        "ezOperation_COURS": "371,087279397",
        "ezOperation_COURTAGE": "8,5",
        "ezOperation_TX_USD_EUR": "1,18565072",
        "ezOperation_BRUT": "2597,61",
        "ezOperation_Heure_Execution": "16:05:16"
      },
      "broker": "BourseDirect",
      "account": {
        "accountNumber": "508TI00085554410EUR",
        "accountType": "Ordinaire",
        "ownerName": "MR EMILY PASCAL",
        "ownerAdress": "MR EMILY PASCAL\n192 ROUTE DE PEGOMAS\n06130  GRASSE",
        "devise": {
          "symbol": "€",
          "code": "EUR"
        }
      },
      "ezAccountDeclaration": {
        "name": "Pascal CTO",
        "active": false,
        "field2ErrorMsg": {}
      }
    },
    {
      "errors": [],
      "date": {
        "day": 9,
        "month": 3,
        "year": 2021
      },
      "designation": [
        "VIREMENT ESPECES",
        "VIRT M. ET/OU MME"
      ],
      "fields": {
        "ezOperation_CREDIT": "600"
      },
      "broker": "BourseDirect",
      "account": {
        "accountNumber": "508TI00085554410EUR",
        "accountType": "Ordinaire",
        "ownerName": "MR EMILY PASCAL",
        "ownerAdress": "MR EMILY PASCAL\n192 ROUTE DE PEGOMAS\n06130  GRASSE",
        "devise": {
          "symbol": "€",
          "code": "EUR"
        }
      },
      "ezAccountDeclaration": {
        "name": "Pascal CTO",
        "active": false,
        "field2ErrorMsg": {}
      }
    }
  ],
  "errors": []
}