{
  "broker": "BourseDirect",
  "brokerFileVersion": 1,
  "sourceFile": "t/boursedirect-2021-03-19.pdf",
  "reportDate": {
    "day": 19,
    "month": 3,
    "year": 2021
  },
  "account": {
    "accountNumber": "508TI00085554410EUR",
    "accountType": "Ordinaire",
    "ownerName": "MR EMILY PASCAL",
    "ownerAdress": "MR EMILY PASCAL\n192 ROUTE DE PEGOMAS\n06130  GRASSE",
    "devise": {
      "symbol": "€",
      "code": "EUR"
    }
  },
  "ezAccountDeclaration": {
    "name": "Pascal CTO",
    "active": false,
    "field2ErrorMsg": {}
  },
  "operations": [
    {
      "errors": [],
      "date": {
        "day": 19,
        "month": 3,
        "year": 2021
      },
      "designation": [
        "ACHAT COMPTANT",
        "FR0013269123",
        "RUBIS"
      ],
      "fields": {
        "ezOperation_QUANTITE": "120",
        "ezOperation_TVA": "0",
        "ezOperation_DEBIT": "4792,31",
        "ezOperation_Lieu": "BORSE BERLIN EQUIDUCT TRADING - BERL",
        "ezOperation_COURS": "39,9",
        "ezOperation_COURTAGE": "4,31",
        "ezOperation_BRUT": "4788",
        "ezOperation_Heure_Execution": "09:01:06"
      },
      "broker": "BourseDirect",
      "account": {
        "accountNumber": "508TI00085554410EUR",
        "accountType": "Ordinaire",
        "ownerName": "MR EMILY PASCAL",
        "ownerAdress": "MR EMILY PASCAL\n192 ROUTE DE PEGOMAS\n06130  GRASSE",
        "devise": {
          "symbol": "€",
          "code": "EUR"
        }
      },
      "ezAccountDeclaration": {
        "name": "Pascal CTO",
        "active": false,
        "field2ErrorMsg": {}
      }
    },
    {
      "errors": [],
      "date": {
        "day": 19,
        "month": 3,
        "year": 2021
      },
      "designation": [
        "ACHAT ETRANGER",
        "US03027X1000",
        "AMERICAN TOWER"
      ],
      "fields": {
        "ezOperation_QUANTITE": "19",
        "ezOperation_TVA": "0",
        "ezOperation_COURS_EN_USD": "222,85",
        "ezOperation_DEBIT": "3565,87",
        "ezOperation_Lieu": "NEW YORK STOCK EXCHANGE, INC.",
        "ezOperation_COURS": "187,230039236",
        "ezOperation_COURTAGE": "8,5",
        "ezOperation_TX_USD_EUR": "1,19024704",
        "ezOperation_BRUT": "3557,37",
        "ezOperation_Heure_Execution": "14:30:03"
      },
      "broker": "BourseDirect",
      "account": {
        "accountNumber": "508TI00085554410EUR",
        "accountType": "Ordinaire",
        "ownerName": "MR EMILY PASCAL",
        "ownerAdress": "MR EMILY PASCAL\n192 ROUTE DE PEGOMAS\n06130  GRASSE",
        "devise": {
          "symbol": "€",
          "code": "EUR"
        }
      },
      "ezAccountDeclaration": {
        "name": "Pascal CTO",
        "active": false,
        "field2ErrorMsg": {}
      }
    },
    {
      "errors": [],
      "date": {
        "day": 19,
        "month": 3,
        "year": 2021
      },
      "designation": [
        "ACHAT ETRANGER",
        "US92936U1097",
        "W.P. CAREY"
      ],
      "fields": {
        "ezOperation_QUANTITE": "60",
        "ezOperation_TVA": "0",
        "ezOperation_COURS_EN_USD": "69,3",
        "ezOperation_DEBIT": "3501,89",
        "ezOperation_Lieu": "NEW YORK STOCK EXCHANGE, INC.",
        "ezOperation_COURS": "58,223207176",
        "ezOperation_COURTAGE": "8,5",
        "ezOperation_TX_USD_EUR": "1,19024704",
        "ezOperation_BRUT": "3493,39",
        "ezOperation_Heure_Execution": "14:30:02"
      },
      "broker": "BourseDirect",
      "account": {
        "accountNumber": "508TI00085554410EUR",
        "accountType": "Ordinaire",
        "ownerName": "MR EMILY PASCAL",
        "ownerAdress": "MR EMILY PASCAL\n192 ROUTE DE PEGOMAS\n06130  GRASSE",
        "devise": {
          "symbol": "€",
          "code": "EUR"
        }
      },
      "ezAccountDeclaration": {
        "name": "Pascal CTO",
        "active": false,
        "field2ErrorMsg": {}
      }
    },
    {
      "errors": [],
      "date": {
        "day": 19,
        "month": 3,
        "year": 2021
      },
      "designation": [
        "TAXE TRANSACT FINANCIERES",
        "FR0013269123",
        "TTF"
      ],
      "fields": {
        "ezOperation_DEBIT": "14,36"
      },
      "broker": "BourseDirect",
      "account": {
        "accountNumber": "508TI00085554410EUR",
        "accountType": "Ordinaire",
        "ownerName": "MR EMILY PASCAL",
        "ownerAdress": "MR EMILY PASCAL\n192 ROUTE DE PEGOMAS\n06130  GRASSE",
        "devise": {
          "symbol": "€",
          "code": "EUR"
        }
      },
      "ezAccountDeclaration": {
        "name": "Pascal CTO",
        "active": false,
        "field2ErrorMsg": {}
      }
    }
  ],
  "errors": []
}