{
  "broker": "BourseDirect",
  "brokerFileVersion": 1,
  "sourceFile": "t/boursedirect-2021-03-30.pdf",
  "reportDate": {
    "day": 30,
    "month": 3,
    "year": 2021
  },
  "account": {
    "accountNumber": "508TI00085554410EUR",
    "accountType": "Ordinaire",
    "ownerName": "MR EMILY PASCAL",
    "ownerAdress": "MR EMILY PASCAL\n192 ROUTE DE PEGOMAS\n06130  GRASSE",
    "devise": {
      "symbol": "€",
      "code": "EUR"
    }
  },
  "ezAccountDeclaration": {
    "name": "Pascal CTO",
    "active": false,
    "field2ErrorMsg": {}
  },
  "operations": [
    {
      "errors": [],
      "date": {
        "day": 30,
        "month": 3,
        "year": 2021
      },
      "designation": [
        "COUPONS",
        "US5024311095",
        "L3HARRIS TECHN."
      ],
      "fields": {
        "ezOperation_QUANTITE": "-20",
        "ezOperation_CONTRI_SOC": "2,97",
        "ezOperation_CREDIT": "9,55",
        "ezOperation_COMMISSION": "0",
        "ezOperation_CRED_IMPOT": "2,6",
        "ezOperation_PX_UN_BRUT": "0,86682",
        "ezOperation_PRELEVEM": "2,21",
        "ezOperation_BRUT": "17,34"
      },
      "broker": "BourseDirect",
      "account": {
        "accountNumber": "508TI00085554410EUR",
        "accountType": "Ordinaire",
        "ownerName": "MR EMILY PASCAL",
        "ownerAdress": "MR EMILY PASCAL\n192 ROUTE DE PEGOMAS\n06130  GRASSE",
        "devise": {
          "symbol": "€",
          "code": "EUR"
        }
      },
      "ezAccountDeclaration": {
        "name": "Pascal CTO",
        "active": false,
        "field2ErrorMsg": {}
      }
    }
  ],
  "errors": []
}